StringField: This is a test
IntField: 1234
NullValue: null
