StringField: tset a si sihT
IntField: 1234
NullValue: null
